// Jest Snapshot v1, https://goo.gl/fbAQLP

exports[`ProductList Component Should render without errors 1`] = `ShallowWrapper {}`;
