// Jest Snapshot v1, https://goo.gl/fbAQLP

exports[`Header Component Should render without errors 1`] = `ReactWrapper {}`;
